\BOOKMARK [0][-]{section*.2}{\376\377\000P\000r\000o\000j\000e\000c\000t\000\040\0001\000\040\000o\000n\000\040\000M\000a\000c\000h\000i\000n\000e\000\040\000L\000e\000a\000r\000n\000i\000n\000g\000:\000\040\000r\000e\000g\000r\000e\000s\000s\000i\000o\000n\000\040\000a\000n\000a\000l\000y\000s\000i\000s\000,\000\040\000r\000e\000s\000a\000m\000p\000l\000i\000n\000g\000\040\000m\000e\000t\000h\000o\000d\000s\000\040\000a\000n\000d\000\040\000g\000r\000a\000d\000i\000e\000n\000t\000\040\000d\000e\000s\000c\000e\000n\000t}{}% 2
\BOOKMARK [1][-]{section*.1}{\376\377\000A\000b\000s\000t\000r\000a\000c\000t}{section*.2}% 1
\BOOKMARK [1][-]{section*.3}{\376\377\000C\000o\000n\000t\000e\000n\000t\000s}{section*.2}% 3
\BOOKMARK [1][-]{section*.4}{\376\377\000I\000n\000t\000r\000o\000d\000u\000c\000t\000i\000o\000n}{section*.2}% 4
\BOOKMARK [2][-]{section*.5}{\376\377\0002\000a\000\040\000T\000h\000e\000\040\000m\000o\000t\000i\000v\000a\000t\000i\000o\000n\000.}{section*.4}% 5
\BOOKMARK [2][-]{section*.6}{\376\377\0002\000b\000\040\000W\000h\000a\000t\000\040\000h\000a\000s\000\040\000b\000e\000e\000n\000\040\000d\000o\000n\000e\000\040\000a\000n\000d\000\040\000w\000h\000a\000t\000\040\000i\000\040\000d\000o\000.}{section*.4}% 6
\BOOKMARK [3][-]{section*.7}{\376\377\000L\000i\000n\000e\000a\000r\000\040\000M\000o\000d\000e\000l\000s}{section*.6}% 7
\BOOKMARK [4][-]{section*.8}{\376\377\000O\000L\000S}{section*.7}% 8
\BOOKMARK [4][-]{section*.9}{\376\377\000R\000i\000d\000g\000e}{section*.7}% 9
\BOOKMARK [4][-]{section*.10}{\376\377\000L\000a\000s\000s\000o}{section*.7}% 10
\BOOKMARK [3][-]{section*.11}{\376\377\000R\000e\000s\000a\000m\000p\000l\000i\000n\000g\000\040\000t\000e\000c\000h\000n\000i\000q\000u\000e\000s}{section*.6}% 11
\BOOKMARK [4][-]{section*.12}{\376\377\000B\000o\000o\000t\000s\000t\000r\000a\000p}{section*.11}% 12
\BOOKMARK [4][-]{section*.13}{\376\377\000K\000f\000o\000l\000d\000\040\000c\000r\000o\000s\000s\000\040\000v\000a\000l\000i\000d\000a\000t\000i\000o\000n}{section*.11}% 13
\BOOKMARK [3][-]{section*.14}{\376\377\000O\000p\000t\000i\000m\000i\000z\000a\000t\000i\000o\000n}{section*.6}% 14
\BOOKMARK [4][-]{section*.15}{\376\377\000G\000r\000a\000d\000i\000e\000n\000t\000\040\000d\000e\000s\000c\000e\000n\000t}{section*.14}% 15
\BOOKMARK [4][-]{section*.16}{\376\377\000M\000o\000m\000e\000n\000t\000u\000m}{section*.14}% 16
\BOOKMARK [4][-]{section*.17}{\376\377\000A\000d\000a\000g\000r\000a\000d}{section*.14}% 17
\BOOKMARK [4][-]{section*.18}{\376\377\000R\000M\000S\000p\000r\000o\000p}{section*.14}% 18
\BOOKMARK [4][-]{section*.19}{\376\377\000A\000d\000a\000m}{section*.14}% 19
\BOOKMARK [4][-]{section*.20}{\376\377\000S\000t\000o\000c\000h\000a\000s\000t\000i\000c\000\040\000g\000r\000a\000d\000i\000e\000n\000t\000\040\000d\000e\000s\000c\000e\000n\000t}{section*.14}% 20
\BOOKMARK [3][-]{section*.21}{\376\377\000C\000r\000o\000s\000s\000-\000V\000a\000l\000i\000d\000a\000t\000i\000o\000n}{section*.6}% 21
\BOOKMARK [2][-]{section*.22}{\376\377\000T\000h\000e\000\040\000s\000t\000r\000u\000c\000t\000u\000r\000e\000\040\000o\000f\000\040\000t\000h\000e\000\040\000r\000e\000p\000o\000r\000t\000,}{section*.4}% 22
\BOOKMARK [1][-]{section*.23}{\376\377\000M\000e\000t\000h\000o\000d\000s}{section*.2}% 23
\BOOKMARK [2][-]{section*.24}{\376\377\000T\000h\000e\000\040\000d\000a\000t\000a}{section*.23}% 24
\BOOKMARK [1][-]{section*.25}{\376\377\000C\000o\000n\000c\000l\000u\000s\000i\000o\000n}{section*.2}% 25
\BOOKMARK [1][-]{section*.26}{\376\377\000R\000e\000f\000e\000r\000e\000n\000c\000e\000s}{section*.2}% 26
